MPLINK 4.45, Linker
Linker Map File - Created Wed May 24 23:53:16 2017

                                 Section Info
                  Section       Type    Address   Location Size(Bytes)
                ---------  ---------  ---------  ---------  ---------
                   .org_0       code   0x000000    program   0x000000
                   .org_1       code   0x000000    program   0x000002
                   .org_2       code   0x000004    program   0x0000ee
.config_2007_SINKEYCERO.O       code   0x002007    program   0x000002
.config_2008_SINKEYCERO.O       code   0x002008    program   0x000002



                              Program Memory Usage 
                               Start         End      
                           ---------   ---------      
                            0x000000    0x000000      
                            0x000004    0x00007a      
                            0x002007    0x002008      
            122 out of 8455 program addresses used, program memory utilization is 1%



                              Symbols - Sorted by Name
                     Name    Address   Location    Storage File                     
                ---------  ---------  ---------  --------- ---------                
                 COLUMNAS   0x00002a    program     static C:\Users\Juan\Desktop\Digital2\TP-Digital-2\SinKeyCero.asm
                     CONF   0x00004e    program     static C:\Users\Juan\Desktop\Digital2\TP-Digital-2\SinKeyCero.asm
                  DISPLAY   0x000043    program     static C:\Users\Juan\Desktop\Digital2\TP-Digital-2\SinKeyCero.asm
                   INICIO   0x000005    program     static C:\Users\Juan\Desktop\Digital2\TP-Digital-2\SinKeyCero.asm
                    INTRP   0x000013    program     static C:\Users\Juan\Desktop\Digital2\TP-Digital-2\SinKeyCero.asm
                 LOAD_ENV   0x00003e    program     static C:\Users\Juan\Desktop\Digital2\TP-Digital-2\SinKeyCero.asm
                     LOOP   0x00000a    program     static C:\Users\Juan\Desktop\Digital2\TP-Digital-2\SinKeyCero.asm
                    LOOP1   0x000076    program     static C:\Users\Juan\Desktop\Digital2\TP-Digital-2\SinKeyCero.asm
                    LOOP2   0x000074    program     static C:\Users\Juan\Desktop\Digital2\TP-Digital-2\SinKeyCero.asm
                  RETARDO   0x000072    program     static C:\Users\Juan\Desktop\Digital2\TP-Digital-2\SinKeyCero.asm
                 SAVE_ENV   0x00003a    program     static C:\Users\Juan\Desktop\Digital2\TP-Digital-2\SinKeyCero.asm
                    TECLA   0x000018    program     static C:\Users\Juan\Desktop\Digital2\TP-Digital-2\SinKeyCero.asm



                              Symbols - Sorted by Address
                     Name    Address   Location    Storage File                     
                ---------  ---------  ---------  --------- ---------                
                   INICIO   0x000005    program     static C:\Users\Juan\Desktop\Digital2\TP-Digital-2\SinKeyCero.asm
                     LOOP   0x00000a    program     static C:\Users\Juan\Desktop\Digital2\TP-Digital-2\SinKeyCero.asm
                    INTRP   0x000013    program     static C:\Users\Juan\Desktop\Digital2\TP-Digital-2\SinKeyCero.asm
                    TECLA   0x000018    program     static C:\Users\Juan\Desktop\Digital2\TP-Digital-2\SinKeyCero.asm
                 COLUMNAS   0x00002a    program     static C:\Users\Juan\Desktop\Digital2\TP-Digital-2\SinKeyCero.asm
                 SAVE_ENV   0x00003a    program     static C:\Users\Juan\Desktop\Digital2\TP-Digital-2\SinKeyCero.asm
                 LOAD_ENV   0x00003e    program     static C:\Users\Juan\Desktop\Digital2\TP-Digital-2\SinKeyCero.asm
                  DISPLAY   0x000043    program     static C:\Users\Juan\Desktop\Digital2\TP-Digital-2\SinKeyCero.asm
                     CONF   0x00004e    program     static C:\Users\Juan\Desktop\Digital2\TP-Digital-2\SinKeyCero.asm
                  RETARDO   0x000072    program     static C:\Users\Juan\Desktop\Digital2\TP-Digital-2\SinKeyCero.asm
                    LOOP2   0x000074    program     static C:\Users\Juan\Desktop\Digital2\TP-Digital-2\SinKeyCero.asm
                    LOOP1   0x000076    program     static C:\Users\Juan\Desktop\Digital2\TP-Digital-2\SinKeyCero.asm


